{"swagger":"2.0","info":{"version":"0.0.1-alpha","title":"Faux API"},"basePath":"/faux-service","tags":[{"name":"health"}],"paths":{"/meta/availability":{"get":{"tags":["health"],"summary":"Basic Availability Check","description":"Always returns 200. The JSON will only include the message field.","operationId":"getBasicAvailabilityCheck","produces":["application/json"],"parameters":[],"responses":{"200":{"description":"healthy"},"503":{"description":"unhealthy"}}}},"/meta/health/diagnostic/dependencies":{"get":{"tags":["health"],"operationId":"getDependencyListingHtml","produces":["text/html"],"parameters":[],"responses":{"200":{"description":"successful operation","headers":{},"schema":{"$ref":"#/definitions/StreamingOutput"}}}}},"/meta/health/diagnostic/dependencies/{name}":{"get":{"tags":["health"],"summary":"Availability Check for Dependency","description":"Invokes the basic availability check on the given dependency. The response code will match the code returned by the dependency, and will be omitted from the JSON.","operationId":"getDependencyAvailabilityCheck","produces":["application/json"],"parameters":[{"name":"name","in":"path","required":true,"type":"string"}],"responses":{"200":{"description":"healthy","schema":{"$ref":"#/definitions/HealthDependencyDto_Dependency"}},"503":{"description":"unhealthy","schema":{"$ref":"#/definitions/HealthDependencyDto_Dependency"}}}}},"/meta/health/diagnostic":{"get":{"tags":["health"],"summary":"Diagnostic Health Check","description":"The response JSON will contain all available diagnostic details and the results of checking the health of all dependencies.","operationId":"getDiagnosticHealthCheck","produces":["application/json"],"parameters":[],"responses":{"200":{"description":"healthy","schema":{"$ref":"#/definitions/HealthDto_Diagnostic"}},"503":{"description":"unhealthy","schema":{"$ref":"#/definitions/HealthDto_Diagnostic"}}}}},"/meta/health":{"get":{"tags":["health"],"summary":"Primary Health Check","description":"The response JSON will contain a message and the results of checking the health of primary dependencies, although stack traces will be excluded.","operationId":"getPrimaryHealthCheck","produces":["application/json"],"parameters":[],"responses":{"200":{"description":"healthy","schema":{"$ref":"#/definitions/HealthDto_Primary"}},"503":{"description":"unhealthy","schema":{"$ref":"#/definitions/HealthDto_Primary"}}}}},"/meta/version":{"get":{"tags":["health"],"operationId":"getVersionInfoHtml","produces":["text/html"],"parameters":[],"responses":{"200":{"description":"successful operation","headers":{},"schema":{"$ref":"#/definitions/StreamingOutput"}}}}}},"definitions":{"StreamingOutput":{"type":"object"},"HealthDto_Availability":{"type":"object","required":["message"],"properties":{"message":{"type":"string","description":"a human-readable status description","readOnly":true}},"description":"Indicates the health of this service."},"HealthDependencyDto_Dependency":{"type":"object","properties":{"links":{"description":"Contains hyperlinks to other resources for health check","readOnly":true,"$ref":"#/definitions/LinksDto_Dependency"},"name":{"type":"string","description":"The display name of the dependency","readOnly":true},"message":{"type":"string","description":"A human readable explanation of the health check status","readOnly":true},"id":{"type":"string","description":"The id of the dependency","readOnly":true},"type":{"description":"Indicates the type of dependency, which may have additional properties of that type","readOnly":true,"$ref":"#/definitions/TypeDto_Dependency"}},"description":"Provides information about a dependency of this service, such as an external service that it relies on."},"HttpServiceDto_Dependency":{"type":"object","properties":{"url":{"type":"string","description":"Availability check URL of the remote dependency","readOnly":true},"status":{"type":"integer","format":"int32","description":"HTTP status code returned by the service","readOnly":true}},"description":"Properties of the HTTP service dependency"},"LinksDto_Dependency":{"type":"object","properties":{"self":{"type":"string","description":"The health endpoint within a service that can be queried for the health of this dependency","readOnly":true}},"description":"Contains hyperlinks to other resources related to a dependency"},"TypeDto_Dependency":{"type":"object","properties":{"httpService":{"readOnly":true,"$ref":"#/definitions/HttpServiceDto_Dependency"}}},"HealthDependencyDto":{"type":"object","properties":{"healthy":{"type":"boolean","description":"Indicates the health of the dependency","readOnly":true},"primary":{"type":"boolean","description":"Indicates if this is a primary dependency of the service","readOnly":true},"links":{"description":"Contains hyperlinks to other resources for health check","readOnly":true,"$ref":"#/definitions/LinksDto"},"name":{"type":"string","description":"The display name of the dependency","readOnly":true},"message":{"type":"string","description":"A human readable explanation of the health check status","readOnly":true},"id":{"type":"string","description":"The id of the dependency","readOnly":true},"type":{"description":"Indicates the type of dependency, which may have additional properties of that type","readOnly":true,"$ref":"#/definitions/TypeDto"}},"description":"Provides information about a dependency of this service, such as an external service that it relies on."},"HttpServiceDto":{"type":"object","properties":{"url":{"type":"string","description":"Availability check URL of the remote dependency","readOnly":true},"status":{"type":"integer","format":"int32","description":"HTTP status code returned by the service","readOnly":true}},"description":"Properties of the HTTP service dependency"},"LinksDto":{"type":"object","properties":{"self":{"type":"string","description":"The health endpoint within a service that can be queried for the health of this dependency","readOnly":true}},"description":"Contains hyperlinks to other resources related to a dependency"},"TypeDto":{"type":"object","properties":{"httpService":{"readOnly":true,"$ref":"#/definitions/HttpServiceDto"}}},"BuildDto_Diagnostic":{"type":"object","properties":{"buildDateTime":{"type":"string","description":"The build date/time of the service or application in ISO-8601 format","readOnly":true},"artifactName":{"type":"string","description":"The name of the artifact","readOnly":true},"version":{"type":"string","description":"The version of the service which served this health check response","readOnly":true}},"description":"Service build and version information."},"HealthDependencyDto_Diagnostic":{"type":"object","properties":{"healthy":{"type":"boolean","description":"Indicates the health of the dependency","readOnly":true},"primary":{"type":"boolean","description":"Indicates if this is a primary dependency of the service","readOnly":true},"links":{"description":"Contains hyperlinks to other resources for health check","readOnly":true,"$ref":"#/definitions/LinksDto_Diagnostic"},"name":{"type":"string","description":"The display name of the dependency","readOnly":true},"message":{"type":"string","description":"A human readable explanation of the health check status","readOnly":true},"id":{"type":"string","description":"The id of the dependency","readOnly":true},"type":{"description":"Indicates the type of dependency, which may have additional properties of that type","readOnly":true,"$ref":"#/definitions/TypeDto_Diagnostic"}},"description":"Provides information about a dependency of this service, such as an external service that it relies on."},"HealthDto_Diagnostic":{"type":"object","required":["message"],"properties":{"build":{"description":"Build and version information of the service serving the health check response","readOnly":true,"$ref":"#/definitions/BuildDto_Diagnostic"},"server":{"description":"Runtime and environment information of the server","readOnly":true,"$ref":"#/definitions/ServerDto_Diagnostic"},"dependencies":{"type":"array","description":"the results of any dependency health checks invoked as part of this health check","readOnly":true,"items":{"$ref":"#/definitions/HealthDependencyDto_Diagnostic"}},"message":{"type":"string","description":"a human-readable status description","readOnly":true}},"description":"Indicates the health of this service."},"HttpServiceDto_Diagnostic":{"type":"object","properties":{"url":{"type":"string","description":"Availability check URL of the remote dependency","readOnly":true},"status":{"type":"integer","format":"int32","description":"HTTP status code returned by the service","readOnly":true}},"description":"Properties of the HTTP service dependency"},"LinksDto_Diagnostic":{"type":"object","properties":{"self":{"type":"string","description":"The health endpoint within a service that can be queried for the health of this dependency","readOnly":true}},"description":"Contains hyperlinks to other resources related to a dependency"},"ServerDto_Diagnostic":{"type":"object","properties":{"startupDateTime":{"type":"integer","format":"int64","readOnly":true},"hostName":{"type":"string","readOnly":true}}},"TypeDto_Diagnostic":{"type":"object","properties":{"httpService":{"readOnly":true,"$ref":"#/definitions/HttpServiceDto_Diagnostic"}}},"BuildDto":{"type":"object","properties":{"buildDateTime":{"type":"string","description":"The build date/time of the service or application in ISO-8601 format","readOnly":true},"artifactName":{"type":"string","description":"The name of the artifact","readOnly":true},"version":{"type":"string","description":"The version of the service which served this health check response","readOnly":true}},"description":"Service build and version information."},"HealthDto":{"type":"object","required":["message"],"properties":{"build":{"description":"Build and version information of the service serving the health check response","readOnly":true,"$ref":"#/definitions/BuildDto"},"server":{"description":"Runtime and environment information of the server","readOnly":true,"$ref":"#/definitions/ServerDto"},"dependencies":{"type":"array","description":"the results of any dependency health checks invoked as part of this health check","readOnly":true,"items":{"$ref":"#/definitions/HealthDependencyDto"}},"message":{"type":"string","description":"a human-readable status description","readOnly":true}},"description":"Indicates the health of this service."},"ServerDto":{"type":"object","properties":{"startupDateTime":{"type":"integer","format":"int64","readOnly":true},"hostName":{"type":"string","readOnly":true}}},"HealthDependencyDto_Primary":{"type":"object","properties":{"healthy":{"type":"boolean","description":"Indicates the health of the dependency","readOnly":true},"links":{"description":"Contains hyperlinks to other resources for health check","readOnly":true,"$ref":"#/definitions/LinksDto_Primary"},"name":{"type":"string","description":"The display name of the dependency","readOnly":true},"message":{"type":"string","description":"A human readable explanation of the health check status","readOnly":true},"id":{"type":"string","description":"The id of the dependency","readOnly":true},"type":{"description":"Indicates the type of dependency, which may have additional properties of that type","readOnly":true,"$ref":"#/definitions/TypeDto_Primary"}},"description":"Provides information about a dependency of this service, such as an external service that it relies on."},"HealthDto_Primary":{"type":"object","required":["message"],"properties":{"dependencies":{"type":"array","description":"the results of any dependency health checks invoked as part of this health check","readOnly":true,"items":{"$ref":"#/definitions/HealthDependencyDto_Primary"}},"message":{"type":"string","description":"a human-readable status description","readOnly":true}},"description":"Indicates the health of this service."},"HttpServiceDto_Primary":{"type":"object","properties":{"url":{"type":"string","description":"Availability check URL of the remote dependency","readOnly":true},"status":{"type":"integer","format":"int32","description":"HTTP status code returned by the service","readOnly":true}},"description":"Properties of the HTTP service dependency"},"LinksDto_Primary":{"type":"object","properties":{"self":{"type":"string","description":"The health endpoint within a service that can be queried for the health of this dependency","readOnly":true}},"description":"Contains hyperlinks to other resources related to a dependency"},"TypeDto_Primary":{"type":"object","properties":{"httpService":{"readOnly":true,"$ref":"#/definitions/HttpServiceDto_Primary"}}}}}